// Jest Snapshot v1, https://goo.gl/fbAQLP

exports[`Renderiza corretamente 1`] = `null`;
